<area shape="rect" href="$Object.html" title="mre/Object" alt="" coords="1071,229,1156,256">
<area shape="rect" href="$RenderEngine.html" title="mre/RenderEngine" alt="" coords="256,80,384,107">
<area shape="rect" href="$SceneFactory.html" title="mre/SceneFactory" alt="" coords="999,80,1127,107">
<area shape="rect" href="$SceneManager.html" title="mre/SceneManager" alt="" coords="1547,155,1680,181">
<area shape="rect" href="$Material.html" title="mre/Material" alt="" coords="721,304,815,331">
<area shape="rect" href="$Vector3f.html" title="mre/Vector3f" alt="" coords="1065,304,1161,331">
<area shape="rect" href="$Texture2D.html" title="mre/Texture2D" alt="" coords="631,379,737,405">
<area shape="rect" href="$image_8h.html" title="mre/image.h" alt="" coords="5,155,99,181">
<area shape="rect" href="$Camera.html" title="mre/Camera" alt="" coords="1480,229,1571,256">
<area shape="rect" href="$Cube.html" title="mre/Cube" alt="" coords="973,155,1051,181">
<area shape="rect" href="$Light.html" title="mre/Light" alt="" coords="1381,229,1456,256">
<area shape="rect" href="$Mesh.html" title="mre/Mesh" alt="" coords="717,155,797,181">
<area shape="rect" href="$Panel.html" title="mre/Panel" alt="" coords="1075,155,1155,181">
<area shape="rect" href="$Plane.html" title="mre/Plane" alt="" coords="1179,155,1259,181">
<area shape="rect" href="$SkyBox.html" title="mre/SkyBox" alt="" coords="549,155,643,181">
<area shape="rect" href="$Sphere.html" title="mre/Sphere" alt="" coords="1283,155,1371,181">
<area shape="rect" href="$Vector2f.html" title="mre/Vector2f" alt="" coords="909,304,1005,331">
