<area shape="rect" href="$classmre_1_1Animation.html" title="mre::Animation\&lt; Player \&gt;" alt="" coords="280,5,451,32">
<area shape="rect" href="$classExit.html" title="Oggetto &quot;uscita&quot;." alt="" coords="344,56,387,83">
<area shape="rect" href="$classFountain.html" title="Oggetto fontanella." alt="" coords="329,107,401,133">
<area shape="rect" href="$classmre_1_1Animation.html" title="Classe MESH animata." alt="" coords="295,157,436,184">
<area shape="rect" href="$classmre_1_1Cube.html" title="Cubo." alt="" coords="325,208,405,235">
<area shape="rect" href="$classmre_1_1Mesh.html" title="Classe per modelli 3D." alt="" coords="324,259,407,285">
<area shape="rect" href="$classmre_1_1Plane.html" title="Piano." alt="" coords="324,309,407,336">
<area shape="rect" href="$classmre_1_1SkyBox.html" title="&quot;Scatola&quot; contenente lo sfondo." alt="" coords="317,360,413,387">
<area shape="rect" href="$classmre_1_1Sphere.html" title="Sfera." alt="" coords="320,411,411,437">
<area shape="rect" href="$classPlayer.html" title="Giocatore." alt="" coords="336,461,395,488">
<area shape="rect" href="$classSplashScreen.html" title="Schermata di caricamento." alt="" coords="315,512,416,539">
<area shape="rect" href="$classTree.html" title="Albero." alt="" coords="341,563,389,589">
<area shape="rect" href="$classUplezzEngine.html" title="Motore di Uplezz." alt="" coords="315,613,416,640">
<area shape="rect" href="$classUplezzTimer.html" title="Timer." alt="" coords="319,664,412,691">
<area shape="rect" href="$classWater.html" title="Acqua." alt="" coords="337,715,393,741">
<area shape="rect" href="$classsys_1_1Object.html" title="Oggetto di sistema." alt="" coords="5,360,93,387">
