<area shape="rect" href="$classmre_1_1Animation.html" title="mre::Animation\&lt; Player \&gt;" alt="" coords="257,715,428,741">
<area shape="rect" href="$classmge_1_1Object.html" title="Oggetti del motore di gioco." alt="" coords="509,267,600,293">
<area shape="rect" href="$classFountain.html" title="Oggetto fontanella." alt="" coords="492,371,564,397">
<area shape="rect" href="$classsys_1_1Object.html" title="Oggetto di sistema." alt="" coords="488,96,576,123">
<area shape="rect" href="$classmre_1_1Object.html" title="Oggetto &quot;renderable&quot;." alt="" coords="363,267,451,293">
<area shape="rect" href="$classmre_1_1Material.html" title="Materiali." alt="" coords="359,96,455,123">
<area shape="rect" href="$classmre_1_1Texture2D.html" title="Texture bidimensionale." alt="" coords="351,5,463,32">
<area shape="rect" href="$classmre_1_1Vector3f.html" title="Vettore tridimensionale di float." alt="" coords="209,96,308,123">
<area shape="rect" href="$classmre_1_1Camera.html" title="Classe camera." alt="" coords="180,317,276,344">
<area shape="rect" href="$classsys_1_1Timer.html" title="Conto alla rovescia." alt="" coords="675,371,757,397">
