<area shape="rect" href="$Mesh.html" title="/home/simonett/uplezz/src/mre/Mesh" alt="" coords="33,155,271,181">
<area shape="rect" href="$mre_8cc.html" title="/home/simonett/uplezz/src/mre/mre.cc" alt="" coords="1140,379,1385,405">
<area shape="rect" href="$Object.html" title="/home/simonett/uplezz/src/mre/Object" alt="" coords="1055,80,1297,107">
<area shape="rect" href="$SkyBox.html" title="/home/simonett/uplezz/src/mre/SkyBox" alt="" coords="1599,155,1849,181">
<area shape="rect" href="$MeshScanMtl_8l.html" title="/home/simonett/uplezz/src/mre/MeshScanMtl.l" alt="" coords="515,304,805,331">
<area shape="rect" href="$MeshScanObj_8l.html" title="/home/simonett/uplezz/src/mre/MeshScanObj.l" alt="" coords="5,229,299,256">
<area shape="rect" href="$SceneFactory.html" title="/home/simonett/uplezz/src/mre/SceneFactory" alt="" coords="585,229,871,256">
<area shape="rect" href="$Animation.html" title="/home/simonett/uplezz/src/mre/Animation" alt="" coords="961,304,1225,331">
<area shape="rect" href="$Cube.html" title="/home/simonett/uplezz/src/mre/Cube" alt="" coords="1239,155,1473,181">
<area shape="rect" href="$Panel.html" title="/home/simonett/uplezz/src/mre/Panel" alt="" coords="607,155,844,181">
<area shape="rect" href="$Plane.html" title="/home/simonett/uplezz/src/mre/Plane" alt="" coords="295,155,532,181">
<area shape="rect" href="$RenderEngine.html" title="/home/simonett/uplezz/src/mre/RenderEngine" alt="" coords="1001,229,1287,256">
<area shape="rect" href="$SceneManager.html" title="/home/simonett/uplezz/src/mre/SceneManager" alt="" coords="1361,229,1652,256">
<area shape="rect" href="$Sphere.html" title="/home/simonett/uplezz/src/mre/Sphere" alt="" coords="868,155,1113,181">
