<area shape="rect" href="$Mesh.html" title="mre/Mesh" alt="" coords="284,155,364,181">
<area shape="rect" href="$SceneFactory.html" title="mre/SceneFactory" alt="" coords="671,80,799,107">
<area shape="rect" href="$Material.html" title="mre/Material" alt="" coords="688,304,781,331">
<area shape="rect" href="$Texture2D.html" title="mre/Texture2D" alt="" coords="879,379,985,405">
<area shape="rect" href="$Object.html" title="mre/Object" alt="" coords="692,229,777,256">
<area shape="rect" href="$Vector3f.html" title="mre/Vector3f" alt="" coords="469,304,565,331">
<area shape="rect" href="$Vector2f.html" title="mre/Vector2f" alt="" coords="232,304,328,331">
<area shape="rect" href="$Camera.html" title="mre/Camera" alt="" coords="555,229,645,256">
<area shape="rect" href="$Cube.html" title="mre/Cube" alt="" coords="1071,155,1148,181">
<area shape="rect" href="$Light.html" title="mre/Light" alt="" coords="911,155,985,181">
<area shape="rect" href="$Panel.html" title="mre/Panel" alt="" coords="540,155,620,181">
<area shape="rect" href="$Plane.html" title="mre/Plane" alt="" coords="695,155,775,181">
<area shape="rect" href="$SkyBox.html" title="mre/SkyBox" alt="" coords="1172,155,1265,181">
<area shape="rect" href="$Sphere.html" title="mre/Sphere" alt="" coords="799,155,887,181">
