<area shape="rect" href="$alpha_8h.html" title="mre/alpha.h" alt="" coords="19,155,107,181">
<area shape="rect" href="$image_8h.html" title="mre/image.h" alt="" coords="13,229,107,256">
<area shape="rect" href="$Animation.html" title="mre/Animation" alt="" coords="1516,80,1620,107">
<area shape="rect" href="$Object.html" title="mre/Object" alt="" coords="1081,304,1167,331">
<area shape="rect" href="$Material.html" title="mre/Material" alt="" coords="743,379,836,405">
<area shape="rect" href="$Texture2D.html" title="mre/Texture2D" alt="" coords="695,453,801,480">
<area shape="rect" href="$RenderEngine.html" title="mre/RenderEngine" alt="" coords="413,155,541,181">
<area shape="rect" href="$SceneFactory.html" title="mre/SceneFactory" alt="" coords="1375,155,1503,181">
<area shape="rect" href="$Camera.html" title="mre/Camera" alt="" coords="2069,229,2160,256">
<area shape="rect" href="$Cube.html" title="mre/Cube" alt="" coords="877,229,955,256">
<area shape="rect" href="$Light.html" title="mre/Light" alt="" coords="1664,229,1739,256">
<area shape="rect" href="$Mesh.html" title="mre/Mesh" alt="" coords="1965,229,2045,256">
<area shape="rect" href="$Plane.html" title="mre/Plane" alt="" coords="1029,229,1109,256">
<area shape="rect" href="$SkyBox.html" title="mre/SkyBox" alt="" coords="659,229,752,256">
<area shape="rect" href="$Sphere.html" title="mre/Sphere" alt="" coords="1133,229,1221,256">
<area shape="rect" href="$SceneManager.html" title="mre/SceneManager" alt="" coords="1760,155,1893,181">
<area shape="rect" href="$Vector3f.html" title="mre/Vector3f" alt="" coords="1837,379,1933,405">
<area shape="rect" href="$Panel.html" title="mre/Panel" alt="" coords="1245,229,1325,256">
<area shape="rect" href="$Vector2f.html" title="mre/Vector2f" alt="" coords="1957,379,2053,405">
