<area shape="rect" href="$Animation.html" title="/home/simonett/uplezz/src/mre/Animation" alt="" coords="1257,229,1521,256">
<area shape="rect" href="$mre_8cc.html" title="/home/simonett/uplezz/src/mre/mre.cc" alt="" coords="1024,304,1269,331">
<area shape="rect" href="$Cube.html" title="/home/simonett/uplezz/src/mre/Cube" alt="" coords="5,80,240,107">
<area shape="rect" href="$SceneFactory.html" title="/home/simonett/uplezz/src/mre/SceneFactory" alt="" coords="892,155,1177,181">
<area shape="rect" href="$Mesh.html" title="/home/simonett/uplezz/src/mre/Mesh" alt="" coords="1483,80,1720,107">
<area shape="rect" href="$Panel.html" title="/home/simonett/uplezz/src/mre/Panel" alt="" coords="1069,80,1307,107">
<area shape="rect" href="$Plane.html" title="/home/simonett/uplezz/src/mre/Plane" alt="" coords="264,80,501,107">
<area shape="rect" href="$RenderEngine.html" title="/home/simonett/uplezz/src/mre/RenderEngine" alt="" coords="1303,155,1588,181">
<area shape="rect" href="$SceneManager.html" title="/home/simonett/uplezz/src/mre/SceneManager" alt="" coords="1612,155,1903,181">
<area shape="rect" href="$SkyBox.html" title="/home/simonett/uplezz/src/mre/SkyBox" alt="" coords="525,80,776,107">
<area shape="rect" href="$Sphere.html" title="/home/simonett/uplezz/src/mre/Sphere" alt="" coords="800,80,1045,107">
<area shape="rect" href="$MeshScanMtl_8l.html" title="/home/simonett/uplezz/src/mre/MeshScanMtl.l" alt="" coords="943,229,1233,256">
<area shape="rect" href="$MeshScanObj_8l.html" title="/home/simonett/uplezz/src/mre/MeshScanObj.l" alt="" coords="1977,155,2271,181">
