<area shape="rect" href="$Camera.html" title="mre/Camera" alt="" coords="5,155,96,181">
<area shape="rect" href="$Vector3f.html" title="mre/Vector3f" alt="" coords="309,229,405,256">
<area shape="rect" href="$Cube.html" title="mre/Cube" alt="" coords="491,80,568,107">
<area shape="rect" href="$Object.html" title="mre/Object" alt="" coords="428,155,513,181">
<area shape="rect" href="$Texture2D.html" title="mre/Texture2D" alt="" coords="977,304,1084,331">
<area shape="rect" href="$Light.html" title="mre/Light" alt="" coords="592,80,667,107">
<area shape="rect" href="$Mesh.html" title="mre/Mesh" alt="" coords="792,80,872,107">
<area shape="rect" href="$Panel.html" title="mre/Panel" alt="" coords="171,80,251,107">
<area shape="rect" href="$Plane.html" title="mre/Plane" alt="" coords="275,80,355,107">
<area shape="rect" href="$SkyBox.html" title="mre/SkyBox" alt="" coords="921,80,1015,107">
<area shape="rect" href="$Sphere.html" title="mre/Sphere" alt="" coords="379,80,467,107">
<area shape="rect" href="$Material.html" title="mre/Material" alt="" coords="829,229,923,256">
<area shape="rect" href="$Vector2f.html" title="mre/Vector2f" alt="" coords="588,229,684,256">
