<area shape="rect" href="$Material.html" title="/home/simonett/uplezz/src/mre/Material" alt="" coords="1801,80,2052,107">
<area shape="rect" href="$Mesh.html" title="/home/simonett/uplezz/src/mre/Mesh" alt="" coords="1893,229,2131,256">
<area shape="rect" href="$mre_8cc.html" title="/home/simonett/uplezz/src/mre/mre.cc" alt="" coords="861,453,1107,480">
<area shape="rect" href="$SceneFactory.html" title="/home/simonett/uplezz/src/mre/SceneFactory" alt="" coords="1013,304,1299,331">
<area shape="rect" href="$SkyBox.html" title="/home/simonett/uplezz/src/mre/SkyBox" alt="" coords="1619,229,1869,256">
<area shape="rect" href="$Object.html" title="/home/simonett/uplezz/src/mre/Object" alt="" coords="800,155,1043,181">
<area shape="rect" href="$MeshScanMtl_8l.html" title="/home/simonett/uplezz/src/mre/MeshScanMtl.l" alt="" coords="1720,379,2011,405">
<area shape="rect" href="$MeshScanObj_8l.html" title="/home/simonett/uplezz/src/mre/MeshScanObj.l" alt="" coords="1681,304,1975,331">
<area shape="rect" href="$Animation.html" title="/home/simonett/uplezz/src/mre/Animation" alt="" coords="341,379,605,405">
<area shape="rect" href="$Cube.html" title="/home/simonett/uplezz/src/mre/Cube" alt="" coords="467,229,701,256">
<area shape="rect" href="$Panel.html" title="/home/simonett/uplezz/src/mre/Panel" alt="" coords="1037,229,1275,256">
<area shape="rect" href="$Plane.html" title="/home/simonett/uplezz/src/mre/Plane" alt="" coords="725,229,963,256">
<area shape="rect" href="$RenderEngine.html" title="/home/simonett/uplezz/src/mre/RenderEngine" alt="" coords="5,304,291,331">
<area shape="rect" href="$SceneManager.html" title="/home/simonett/uplezz/src/mre/SceneManager" alt="" coords="365,304,656,331">
<area shape="rect" href="$Sphere.html" title="/home/simonett/uplezz/src/mre/Sphere" alt="" coords="1299,229,1544,256">
