<area shape="rect" href="$Camera.html" title="/home/simonett/uplezz/src/mre/Camera" alt="" coords="5,155,256,181">
<area shape="rect" href="$SceneFactory.html" title="/home/simonett/uplezz/src/mre/SceneFactory" alt="" coords="867,229,1152,256">
<area shape="rect" href="$Mesh.html" title="/home/simonett/uplezz/src/mre/Mesh" alt="" coords="1909,155,2147,181">
<area shape="rect" href="$Object.html" title="/home/simonett/uplezz/src/mre/Object" alt="" coords="820,80,1063,107">
<area shape="rect" href="$mre_8cc.html" title="/home/simonett/uplezz/src/mre/mre.cc" alt="" coords="887,379,1132,405">
<area shape="rect" href="$SceneManager.html" title="/home/simonett/uplezz/src/mre/SceneManager" alt="" coords="141,229,432,256">
<area shape="rect" href="$Animation.html" title="/home/simonett/uplezz/src/mre/Animation" alt="" coords="568,304,832,331">
<area shape="rect" href="$MeshScanMtl_8l.html" title="/home/simonett/uplezz/src/mre/MeshScanMtl.l" alt="" coords="1227,304,1517,331">
<area shape="rect" href="$MeshScanObj_8l.html" title="/home/simonett/uplezz/src/mre/MeshScanObj.l" alt="" coords="1895,229,2188,256">
<area shape="rect" href="$Cube.html" title="/home/simonett/uplezz/src/mre/Cube" alt="" coords="1600,155,1835,181">
<area shape="rect" href="$Panel.html" title="/home/simonett/uplezz/src/mre/Panel" alt="" coords="744,155,981,181">
<area shape="rect" href="$Plane.html" title="/home/simonett/uplezz/src/mre/Plane" alt="" coords="381,155,619,181">
<area shape="rect" href="$RenderEngine.html" title="/home/simonett/uplezz/src/mre/RenderEngine" alt="" coords="557,229,843,256">
<area shape="rect" href="$SkyBox.html" title="/home/simonett/uplezz/src/mre/SkyBox" alt="" coords="1056,155,1307,181">
<area shape="rect" href="$Sphere.html" title="/home/simonett/uplezz/src/mre/Sphere" alt="" coords="1331,155,1576,181">
